################ avx512 / loaded
with_load.sh: 28 workers on CPUs 0-3,5-31
stock FFTW -> /lib64/libfftw3f.so.3
amd   FFTW -> ./bench/bench_batch
batched, all four in one process, us per transform   (K=8, backend=avx512)
N        B      MKL     FFTW  amdFFTW  pf topK  pf +thr   vs MKL vs FFTW  vs AMD   rel err check
2^10    16     1.09     0.68     0.47     1.05     0.88    1.24x   0.77x   0.54x   1.1e-07 idx ok
2^10    32     1.13     0.69     0.73     1.15     0.86    1.31x   0.81x   0.85x   2.3e-07 idx ok
2^10    64     1.44     1.24     0.93     1.68     0.97    1.48x   1.27x   0.96x   1.5e-07 idx ok
2^10   128     1.56     1.39     1.15     2.07     0.99    1.57x   1.40x   1.16x   2.0e-07 idx ok

2^12    16    11.56     4.99     4.42     6.93     3.66    3.16x   1.36x   1.21x   1.4e-07 idx ok
2^12    32     8.81     5.96     4.17     6.80     4.03    2.19x   1.48x   1.03x   1.4e-07 idx ok
2^12    64    12.14     9.49     8.27    10.08     4.99    2.43x   1.90x   1.66x   2.3e-07 idx ok
2^12   128    34.92    44.66    43.37    16.10    13.86    2.52x   3.22x   3.13x   1.5e-07 idx ok

2^14    16   118.67   143.08    67.70    24.33    15.74    7.54x   9.09x   4.30x   2.2e-07 idx ok
2^14    32   196.86   228.29   161.23    35.51    19.28   10.21x  11.84x   8.36x   1.3e-07 idx ok
2^14    64   210.22   204.99   176.81    55.35    54.63    3.85x   3.75x   3.24x   2.5e-07 idx ok
2^14   128   177.16   196.64   181.07    53.60    51.55    3.44x   3.81x   3.51x   2.3e-07 idx ok

2^16    16   986.15   936.35   684.88   344.71   345.73    2.86x   2.72x   1.99x   2.5e-07 idx ok
2^16    32   917.50   792.21   820.73   335.95   333.68    2.75x   2.37x   2.46x   2.5e-07 idx ok
2^16    64   976.91   794.88   692.38   339.25   339.91    2.88x   2.34x   2.04x   2.4e-07 idx ok
2^16   128   986.55   579.34   516.64   322.79   341.37    3.06x   1.79x   1.60x   2.2e-07 idx ok

2^18    16  6650.03  7308.50  4864.69  2771.49  2573.38    2.58x   2.84x   1.89x   3.1e-07 idx ok
2^18    32  6774.73  4135.48  5183.25  2338.58  2264.39    2.99x   1.83x   2.29x   3.2e-07 idx ok
2^18    64  7557.27  3860.59  4767.84  2312.75  2218.15    3.41x   1.74x   2.15x   1.8e-07 idx ok
2^18   128  7697.79  4066.90  5594.63  2779.95  2648.13    2.91x   1.54x   2.11x   2.6e-07 idx ok

2^20    16 26498.04 29210.78 32023.06 14827.48 16561.78    1.79x   1.97x   2.16x   2.1e-07 idx ok
2^20    32 28432.10 27886.61 28792.98 16957.61 17071.55    1.68x   1.64x   1.70x   2.0e-07 idx ok
2^20    64 32625.22 39060.97 40730.75 18497.24 18331.99    1.78x   2.13x   2.22x   1.9e-07 idx ok
2^20   128 28888.21 36174.66 36314.48 18739.83 18607.19    1.55x   1.94x   1.95x   1.5e-07 idx ok

   (exit 0)
################ avx2 / loaded
with_load.sh: 28 workers on CPUs 0-3,5-31
stock FFTW -> /lib64/libfftw3f.so.3
amd   FFTW -> ./bench/bench_batch
batched, all four in one process, us per transform   (K=8, backend=avx2)
N        B      MKL     FFTW  amdFFTW  pf topK  pf +thr   vs MKL vs FFTW  vs AMD   rel err check
2^10    16     1.01     0.74     0.66     1.97     1.31    0.77x   0.56x   0.50x   8.8e-08 idx ok
2^10    32     0.89     0.58     0.36     1.26     0.88    1.01x   0.66x   0.41x   2.1e-07 idx ok
2^10    64     1.14     0.84     0.63     1.98     1.30    0.88x   0.65x   0.49x   1.9e-07 idx ok
2^10   128     1.24     1.05     0.86     2.41     1.36    0.91x   0.77x   0.63x   1.6e-07 idx ok

2^12    16     6.50     4.28     3.63    12.76    10.83    0.60x   0.40x   0.33x   2.1e-07 idx ok
2^12    32     6.20     5.16     3.19    13.60    10.16    0.61x   0.51x   0.31x   9.6e-08 idx ok
2^12    64     6.90     5.17     5.38    16.40    14.26    0.48x   0.36x   0.38x   2.0e-07 idx ok
2^12   128    24.34    37.52    35.34    19.03    20.07    1.28x   1.97x   1.86x   1.8e-07 idx ok

2^14    16    30.29    28.54    30.49    25.94    18.07    1.68x   1.58x   1.69x   2.7e-07 idx ok
2^14    32   210.42   252.14   175.04    64.78    64.28    3.27x   3.92x   2.72x   2.4e-07 idx ok
2^14    64   202.47   194.10   190.87    61.51    61.37    3.30x   3.16x   3.11x   2.6e-07 idx ok
2^14   128   200.99   211.50   183.01    62.58    60.24    3.34x   3.51x   3.04x   2.5e-07 idx ok

2^16    16  1033.00   924.35   616.78   376.26   382.51    2.75x   2.46x   1.64x   2.4e-07 idx ok
2^16    32  1093.18   809.48   854.23   386.41   363.96    3.00x   2.22x   2.35x   2.7e-07 idx ok
2^16    64  1175.46   858.59   734.60   385.37   376.35    3.12x   2.28x   1.95x   2.4e-07 idx ok
2^16   128  1123.52   576.65   535.59   388.49   386.41    2.91x   1.49x   1.39x   2.9e-07 idx ok

2^18    16  8161.94  7516.41  4932.71  4572.39  4735.79    1.79x   1.64x   1.08x   3.1e-07 idx ok
2^18    32  7779.10  4282.68  5169.71  4541.68  4098.37    1.90x   1.04x   1.26x   4.2e-07 idx ok
2^18    64  8607.39  4661.07  6170.96  4749.25  4272.40    2.01x   1.09x   1.44x   1.2e-07 idx ok
2^18   128  7260.06  4571.69  5463.55  4379.24  4377.97    1.66x   1.04x   1.25x   2.8e-07 idx ok

2^20    16 33203.53 36731.84 28579.57 22732.95 23689.98    1.46x   1.62x   1.26x   2.1e-07 idx ok
2^20    32 34142.22 38796.01 38555.89 23724.28 24049.59    1.44x   1.64x   1.63x   2.2e-07 idx ok
2^20    64 34009.28 35732.10 33438.22 24033.00 23928.11    1.42x   1.49x   1.40x   1.9e-07 idx ok
2^20   128 32829.22 37999.34 39858.99 24184.60 24273.35    1.36x   1.57x   1.65x   2.1e-07 idx ok

   (exit 0)
=== BOTH LOADED REGIMES DONE ===
